// Jest Snapshot v1, https://goo.gl/fbAQLP

exports[`ModalButton Component matches snapshot 1`] = `
<DocumentFragment>
  <button
    class="p-3 flex items-center px-5 space-x-2 rounded-full hover:bg-gray-50 ring-1 ring-gray-200 shadow-sm duration-500"
  >
    <h3
      class="text-xs"
    >
      Test Button
    </h3>
  </button>
</DocumentFragment>
`;
