// Jest Snapshot v1, https://goo.gl/fbAQLP

exports[`TransactionDetail Component matches snapshot 1`] = `
<DocumentFragment>
  <div
    class="flex items-center justify-between"
  >
    <div
      class="flex items-center space-x-4"
    >
      <button
        class="flex items-center justify-center p-4 rounded-full shadow-sm duration-300 bg-green-100 hover:bg-green-200/80 "
      >
        <svg
          class="text-green-500"
          data-test-id="deposit-icon"
          fill="none"
          height="23"
          name="deposit-icon"
          role="img"
          stroke="currentColor"
          stroke-linecap="round"
          stroke-linejoin="round"
          stroke-width="2"
          viewBox="0 0 24 24"
          width="23"
          xmlns="http://www.w3.org/2000/svg"
        >
          <line
            x1="17"
            x2="7"
            y1="7"
            y2="17"
          />
          <polyline
            points="17 17 7 17 7 7"
          />
        </svg>
      </button>
      <div
        class="space-y-1 tracking-tight"
      >
        <h2
          class="font-medium"
        >
          Test Transaction
        </h2>
        <p
          class="text-gray-600 text-sm capitalize text-green-600"
        >
          successful
        </p>
      </div>
    </div>
    <div
      class="space-y-1"
    >
      <h1
        class="text-xl font-bold"
      >
        USD 1000
      </h1>
      <p
        class="text-sm text-right text-gray-500"
      >
         2023-01-01
      </p>
    </div>
  </div>
</DocumentFragment>
`;
